Command "echo" is deprecated, don't use this
Usage:
  test deprecatedecho echo [flags]

Flags:
      --a-bool                                                               
      --a-coin atomone.base.v1beta1.Coin (json)                              
      --a-message testpb.AMessage (json)                                     
      --an-address string                                                    
      --an-enum Enum (unspecified | one | two | five | neg-three)             (default unspecified)
      --bools bools                                                           (default [])
      --bz bytesBase64                                                       
      --deprecated-field string                                              
      --duration duration                                                    
      --durations duration (repeated)                                        
      --enums Enum (unspecified | one | two | five | neg-three) (repeated)   
  -h, --help                                                                 help for echo
      --hidden-bool                                                          
      --i-32 int32                                                           
      --i-64 int                                                             
      --page atomone.base.query.v1beta1.PageRequest (json)                   
      --positional-1 int32                                                   
      --positional-2 string                                                  
      --positional-3-varargs atomone.base.v1beta1.Coin (json) (repeated)     
      --shorthand-deprecated-field string                                    
      --some-messages testpb.AMessage (json) (repeated)                      
      --str string                                                           
      --strings strings                                                      
      --timestamp timestamp (RFC 3339)                                       
      --u-32 uint32                                                          
      --u-64 uint                                                            
      --uints uints                                                           (default [])
